SET name Sharvil Meshram
SET key0 value0
SET key1 value1
SET key2 value2
SET key3 value3
SET key4 value4
SET key5 value5
SET key6 value6
SET key7 value7
SET key8 value8
SET key9 value9
SET key10 value10
SET key11 value11
SET key12 value12
SET key13 value13
SET key14 value14
SET key15 value15
SET key16 value16
SET key17 value17
SET key18 value18
SET key19 value19
SET key20 value20
SET key21 value21
SET key22 value22
SET key23 value23
SET key24 value24
SET key25 value25
SET key26 value26
SET key27 value27
SET key28 value28
SET key29 value29
SET key30 value30
SET key31 value31
SET key32 value32
SET key33 value33
SET key34 value34
SET key35 value35
SET key36 value36
SET key37 value37
SET key38 value38
SET key39 value39
SET key40 value40
SET key41 value41
SET key42 value42
SET key43 value43
SET key44 value44
SET key45 value45
SET key46 value46
SET key47 value47
SET key48 value48
SET key49 value49
SET key50 value50
SET key51 value51
SET key52 value52
SET key53 value53
SET key54 value54
SET key55 value55
SET key56 value56
SET key57 value57
SET key58 value58
SET key59 value59
SET key60 value60
SET key61 value61
SET key62 value62
SET key63 value63
SET key64 value64
SET key65 value65
SET key66 value66
SET key67 value67
SET key68 value68
SET key69 value69
SET key70 value70
SET key71 value71
SET key72 value72
SET key73 value73
SET key74 value74
SET key75 value75
SET key76 value76
SET key77 value77
SET key78 value78
SET key79 value79
SET key80 value80
SET key81 value81
SET key82 value82
SET key83 value83
SET key84 value84
SET key85 value85
SET key86 value86
SET key87 value87
SET key88 value88
SET key89 value89
SET key90 value90
SET key91 value91
SET key92 value92
SET key93 value93
SET key94 value94
SET key95 value95
SET key96 value96
SET key97 value97
SET key98 value98
SET key99 value99
SET client2_key0 value
SET client7_key0 value
SET client1_key0 value
SET client4_key0 value
SET client3_key0 value
SET client6_key0 value
SET client5_key0 value
SET client2_key1 value
SET client0_key0 value
SET client8_key0 value
SET client9_key0 value
SET client7_key1 value
SET client1_key1 value
SET client4_key1 value
SET client3_key1 value
SET client6_key1 value
SET client5_key1 value
SET client2_key2 value
SET client0_key1 value
SET client8_key1 value
SET client9_key1 value
SET client7_key2 value
SET client1_key2 value
SET client4_key2 value
SET client3_key2 value
SET client6_key2 value
SET client5_key2 value
SET client2_key3 value
SET client0_key2 value
SET client8_key2 value
SET client9_key2 value
SET client7_key3 value
SET client1_key3 value
SET client4_key3 value
SET client3_key3 value
SET client6_key3 value
SET client5_key3 value
SET client2_key4 value
SET client0_key3 value
SET client8_key3 value
SET client9_key3 value
SET client7_key4 value
SET client1_key4 value
SET client4_key4 value
SET client3_key4 value
SET client6_key4 value
SET client5_key4 value
SET client2_key5 value
SET client0_key4 value
SET client8_key4 value
SET client9_key4 value
SET client7_key5 value
SET client1_key5 value
SET client4_key5 value
SET client3_key5 value
SET client6_key5 value
SET client5_key5 value
SET client2_key6 value
SET client0_key5 value
SET client8_key5 value
SET client9_key5 value
SET client7_key6 value
SET client1_key6 value
SET client4_key6 value
SET client3_key6 value
SET client6_key6 value
SET client5_key6 value
SET client2_key7 value
SET client0_key6 value
SET client8_key6 value
SET client9_key6 value
SET client7_key7 value
SET client1_key7 value
SET client4_key7 value
SET client3_key7 value
SET client6_key7 value
SET client5_key7 value
SET client2_key8 value
SET client0_key7 value
SET client8_key7 value
SET client9_key7 value
SET client7_key8 value
SET client1_key8 value
SET client4_key8 value
SET client3_key8 value
SET client6_key8 value
SET client5_key8 value
SET client2_key9 value
SET client0_key8 value
SET client8_key8 value
SET client9_key8 value
SET client7_key9 value
SET client1_key9 value
SET client4_key9 value
SET client3_key9 value
SET client6_key9 value
SET client5_key9 value
SET client2_key10 value
SET client0_key9 value
SET client8_key9 value
SET client9_key9 value
SET client7_key10 value
SET client1_key10 value
SET client4_key10 value
SET client3_key10 value
SET client6_key10 value
SET client5_key10 value
SET client2_key11 value
SET client0_key10 value
SET client8_key10 value
SET client9_key10 value
SET client7_key11 value
SET client1_key11 value
SET client4_key11 value
SET client3_key11 value
SET client6_key11 value
SET client5_key11 value
SET client2_key12 value
SET client0_key11 value
SET client8_key11 value
SET client9_key11 value
SET client7_key12 value
SET client1_key12 value
SET client4_key12 value
SET client3_key12 value
SET client6_key12 value
SET client5_key12 value
SET client2_key13 value
SET client0_key12 value
SET client8_key12 value
SET client9_key12 value
SET client7_key13 value
SET client1_key13 value
SET client4_key13 value
SET client3_key13 value
SET client6_key13 value
SET client5_key13 value
SET client2_key14 value
SET client0_key13 value
SET client8_key13 value
SET client9_key13 value
SET client7_key14 value
SET client1_key14 value
SET client4_key14 value
SET client3_key14 value
SET client6_key14 value
SET client5_key14 value
SET client2_key15 value
SET client0_key14 value
SET client8_key14 value
SET client9_key14 value
SET client7_key15 value
SET client1_key15 value
SET client4_key15 value
SET client3_key15 value
SET client6_key15 value
SET client5_key15 value
SET client2_key16 value
SET client0_key15 value
SET client8_key15 value
SET client9_key15 value
SET client7_key16 value
SET client1_key16 value
SET client4_key16 value
SET client3_key16 value
SET client6_key16 value
SET client5_key16 value
SET client2_key17 value
SET client0_key16 value
SET client8_key16 value
SET client9_key16 value
SET client7_key17 value
SET client1_key17 value
SET client4_key17 value
SET client3_key17 value
SET client6_key17 value
SET client5_key17 value
SET client2_key18 value
SET client0_key17 value
SET client8_key17 value
SET client9_key17 value
SET client7_key18 value
SET client1_key18 value
SET client4_key18 value
SET client3_key18 value
SET client6_key18 value
SET client5_key18 value
SET client2_key19 value
SET client0_key18 value
SET client8_key18 value
SET client9_key18 value
SET client7_key19 value
SET client1_key19 value
SET client4_key19 value
SET client3_key19 value
SET client6_key19 value
SET client5_key19 value
SET client2_key20 value
SET client0_key19 value
SET client8_key19 value
SET client9_key19 value
SET client7_key20 value
SET client1_key20 value
SET client4_key20 value
SET client3_key20 value
SET client6_key20 value
SET client5_key20 value
SET client2_key21 value
SET client0_key20 value
SET client8_key20 value
SET client9_key20 value
SET client7_key21 value
SET client1_key21 value
SET client4_key21 value
SET client3_key21 value
SET client6_key21 value
SET client5_key21 value
SET client2_key22 value
SET client0_key21 value
SET client8_key21 value
SET client9_key21 value
SET client7_key22 value
SET client1_key22 value
SET client4_key22 value
SET client3_key22 value
SET client6_key22 value
SET client5_key22 value
SET client2_key23 value
SET client0_key22 value
SET client8_key22 value
SET client9_key22 value
SET client7_key23 value
SET client1_key23 value
SET client4_key23 value
SET client3_key23 value
SET client6_key23 value
SET client5_key23 value
SET client2_key24 value
SET client0_key23 value
SET client8_key23 value
SET client9_key23 value
SET client7_key24 value
SET client1_key24 value
SET client4_key24 value
SET client3_key24 value
SET client6_key24 value
SET client5_key24 value
SET client2_key25 value
SET client0_key24 value
SET client8_key24 value
SET client9_key24 value
SET client7_key25 value
SET client1_key25 value
SET client4_key25 value
SET client3_key25 value
SET client6_key25 value
SET client5_key25 value
SET client2_key26 value
SET client0_key25 value
SET client8_key25 value
SET client9_key25 value
SET client7_key26 value
SET client1_key26 value
SET client4_key26 value
SET client3_key26 value
SET client6_key26 value
SET client5_key26 value
SET client2_key27 value
SET client0_key26 value
SET client8_key26 value
SET client9_key26 value
SET client7_key27 value
SET client1_key27 value
SET client4_key27 value
SET client3_key27 value
SET client6_key27 value
SET client5_key27 value
SET client2_key28 value
SET client0_key27 value
SET client8_key27 value
SET client9_key27 value
SET client7_key28 value
SET client1_key28 value
SET client4_key28 value
SET client3_key28 value
SET client6_key28 value
SET client5_key28 value
SET client2_key29 value
SET client0_key28 value
SET client8_key28 value
SET client9_key28 value
SET client7_key29 value
SET client1_key29 value
SET client4_key29 value
SET client3_key29 value
SET client6_key29 value
SET client5_key29 value
SET client2_key30 value
SET client0_key29 value
SET client8_key29 value
SET client9_key29 value
SET client7_key30 value
SET client1_key30 value
SET client4_key30 value
SET client3_key30 value
SET client6_key30 value
SET client5_key30 value
SET client2_key31 value
SET client0_key30 value
SET client8_key30 value
SET client9_key30 value
SET client7_key31 value
SET client1_key31 value
SET client4_key31 value
SET client3_key31 value
SET client6_key31 value
SET client5_key31 value
SET client2_key32 value
SET client0_key31 value
SET client8_key31 value
SET client9_key31 value
SET client7_key32 value
SET client1_key32 value
SET client4_key32 value
SET client3_key32 value
SET client6_key32 value
SET client5_key32 value
SET client2_key33 value
SET client0_key32 value
SET client8_key32 value
SET client9_key32 value
SET client7_key33 value
SET client1_key33 value
SET client4_key33 value
SET client3_key33 value
SET client6_key33 value
SET client5_key33 value
SET client2_key34 value
SET client0_key33 value
SET client8_key33 value
SET client9_key33 value
SET client7_key34 value
SET client1_key34 value
SET client4_key34 value
SET client3_key34 value
SET client6_key34 value
SET client5_key34 value
SET client2_key35 value
SET client0_key34 value
SET client8_key34 value
SET client9_key34 value
SET client7_key35 value
SET client1_key35 value
SET client4_key35 value
SET client3_key35 value
SET client6_key35 value
SET client5_key35 value
SET client2_key36 value
SET client0_key35 value
SET client8_key35 value
SET client9_key35 value
SET client7_key36 value
SET client1_key36 value
SET client4_key36 value
SET client3_key36 value
SET client6_key36 value
SET client5_key36 value
SET client2_key37 value
SET client0_key36 value
SET client8_key36 value
SET client9_key36 value
SET client7_key37 value
SET client1_key37 value
SET client4_key37 value
SET client3_key37 value
SET client6_key37 value
SET client5_key37 value
SET client2_key38 value
SET client0_key37 value
SET client8_key37 value
SET client9_key37 value
SET client7_key38 value
SET client1_key38 value
SET client4_key38 value
SET client3_key38 value
SET client6_key38 value
SET client5_key38 value
SET client2_key39 value
SET client0_key38 value
SET client8_key38 value
SET client9_key38 value
SET client7_key39 value
SET client1_key39 value
SET client4_key39 value
SET client3_key39 value
SET client6_key39 value
SET client5_key39 value
SET client2_key40 value
SET client0_key39 value
SET client8_key39 value
SET client9_key39 value
SET client7_key40 value
SET client1_key40 value
SET client4_key40 value
SET client3_key40 value
SET client6_key40 value
SET client5_key40 value
SET client2_key41 value
SET client0_key40 value
SET client0_key41 value
SET client9_key40 value
SET client7_key41 value
SET client1_key41 value
SET client4_key41 value
SET client3_key41 value
SET client6_key41 value
SET client5_key41 value
SET client2_key42 value
SET client8_key40 value
SET client0_key42 value
SET client9_key41 value
SET client7_key42 value
SET client1_key42 value
SET client4_key42 value
SET client3_key42 value
SET client6_key42 value
SET client5_key42 value
SET client2_key43 value
SET client8_key41 value
SET client0_key43 value
SET client9_key42 value
SET client7_key43 value
SET client1_key43 value
SET client4_key43 value
SET client3_key43 value
SET client6_key43 value
SET client5_key43 value
SET client2_key44 value
SET client8_key42 value
SET client0_key44 value
SET client9_key43 value
SET client7_key44 value
SET client1_key44 value
SET client4_key44 value
SET client3_key44 value
SET client6_key44 value
SET client5_key44 value
SET client2_key45 value
SET client8_key43 value
SET client0_key45 value
SET client9_key44 value
SET client7_key45 value
SET client1_key45 value
SET client4_key45 value
SET client3_key45 value
SET client6_key45 value
SET client5_key45 value
SET client2_key46 value
SET client8_key44 value
SET client0_key46 value
SET client9_key45 value
SET client7_key46 value
SET client1_key46 value
SET client4_key46 value
SET client3_key46 value
SET client6_key46 value
SET client5_key46 value
SET client2_key47 value
SET client8_key45 value
SET client0_key47 value
SET client9_key46 value
SET client7_key47 value
SET client1_key47 value
SET client4_key47 value
SET client3_key47 value
SET client6_key47 value
SET client5_key47 value
SET client2_key48 value
SET client8_key46 value
SET client0_key48 value
SET client9_key47 value
SET client7_key48 value
SET client1_key48 value
SET client4_key48 value
SET client3_key48 value
SET client6_key48 value
SET client5_key48 value
SET client2_key49 value
SET client8_key47 value
SET client0_key49 value
SET client9_key48 value
SET client7_key49 value
SET client1_key49 value
SET client4_key49 value
SET client3_key49 value
SET client6_key49 value
SET client5_key49 value
SET client2_key50 value
SET client8_key48 value
SET client0_key50 value
SET client9_key49 value
SET client7_key50 value
SET client1_key50 value
SET client4_key50 value
SET client3_key50 value
SET client6_key50 value
SET client5_key50 value
SET client2_key51 value
SET client8_key49 value
SET client0_key51 value
SET client9_key50 value
SET client7_key51 value
SET client1_key51 value
SET client4_key51 value
SET client3_key51 value
SET client6_key51 value
SET client5_key51 value
SET client2_key52 value
SET client8_key50 value
SET client0_key52 value
SET client9_key51 value
SET client7_key52 value
SET client1_key52 value
SET client4_key52 value
SET client3_key52 value
SET client6_key52 value
SET client5_key52 value
SET client2_key53 value
SET client8_key51 value
SET client0_key53 value
SET client9_key52 value
SET client7_key53 value
SET client1_key53 value
SET client4_key53 value
SET client3_key53 value
SET client6_key53 value
SET client5_key53 value
SET client2_key54 value
SET client8_key52 value
SET client0_key54 value
SET client9_key53 value
SET client7_key54 value
SET client1_key54 value
SET client4_key54 value
SET client3_key54 value
SET client6_key54 value
SET client5_key54 value
SET client2_key55 value
SET client8_key53 value
SET client0_key55 value
SET client9_key54 value
SET client7_key55 value
SET client1_key55 value
SET client4_key55 value
SET client3_key55 value
SET client6_key55 value
SET client5_key55 value
SET client2_key56 value
SET client8_key54 value
SET client0_key56 value
SET client9_key55 value
SET client7_key56 value
SET client1_key56 value
SET client4_key56 value
SET client3_key56 value
SET client6_key56 value
SET client5_key56 value
SET client2_key57 value
SET client8_key55 value
SET client0_key57 value
SET client9_key56 value
SET client7_key57 value
SET client1_key57 value
SET client4_key57 value
SET client3_key57 value
SET client6_key57 value
SET client5_key57 value
SET client2_key58 value
SET client8_key56 value
SET client0_key58 value
SET client9_key57 value
SET client7_key58 value
SET client1_key58 value
SET client4_key58 value
SET client3_key58 value
SET client6_key58 value
SET client5_key58 value
SET client2_key59 value
SET client8_key57 value
SET client0_key59 value
SET client9_key58 value
SET client7_key59 value
SET client1_key59 value
SET client4_key59 value
SET client3_key59 value
SET client6_key59 value
SET client5_key59 value
SET client2_key60 value
SET client8_key58 value
SET client0_key60 value
SET client9_key59 value
SET client7_key60 value
SET client1_key60 value
SET client4_key60 value
SET client3_key60 value
SET client6_key60 value
SET client5_key60 value
SET client2_key61 value
SET client8_key59 value
SET client0_key61 value
SET client9_key60 value
SET client7_key61 value
SET client1_key61 value
SET client4_key61 value
SET client3_key61 value
SET client6_key61 value
SET client5_key61 value
SET client2_key62 value
SET client8_key60 value
SET client0_key62 value
SET client9_key61 value
SET client7_key62 value
SET client1_key62 value
SET client4_key62 value
SET client3_key62 value
SET client6_key62 value
SET client5_key62 value
SET client2_key63 value
SET client8_key61 value
SET client0_key63 value
SET client9_key62 value
SET client7_key63 value
SET client1_key63 value
SET client4_key63 value
SET client3_key63 value
SET client6_key63 value
SET client5_key63 value
SET client2_key64 value
SET client8_key62 value
SET client0_key64 value
SET client9_key63 value
SET client7_key64 value
SET client1_key64 value
SET client4_key64 value
SET client3_key64 value
SET client6_key64 value
SET client5_key64 value
SET client2_key65 value
SET client8_key63 value
SET client0_key65 value
SET client9_key64 value
SET client7_key65 value
SET client1_key65 value
SET client4_key65 value
SET client3_key65 value
SET client6_key65 value
SET client5_key65 value
SET client2_key66 value
SET client8_key64 value
SET client0_key66 value
SET client9_key65 value
SET client7_key66 value
SET client1_key66 value
SET client4_key66 value
SET client3_key66 value
SET client6_key66 value
SET client5_key66 value
SET client2_key67 value
SET client8_key65 value
SET client0_key67 value
SET client9_key66 value
SET client7_key67 value
SET client1_key67 value
SET client4_key67 value
SET client3_key67 value
SET client6_key67 value
SET client5_key67 value
SET client2_key68 value
SET client8_key66 value
SET client0_key68 value
SET client9_key67 value
SET client7_key68 value
SET client1_key68 value
SET client4_key68 value
SET client3_key68 value
SET client6_key68 value
SET client5_key68 value
SET client2_key69 value
SET client8_key67 value
SET client0_key69 value
SET client9_key68 value
SET client7_key69 value
SET client1_key69 value
SET client4_key69 value
SET client3_key69 value
SET client6_key69 value
SET client5_key69 value
SET client2_key70 value
SET client8_key68 value
SET client0_key70 value
SET client9_key69 value
SET client7_key70 value
SET client1_key70 value
SET client4_key70 value
SET client3_key70 value
SET client6_key70 value
SET client5_key70 value
SET client2_key71 value
SET client8_key69 value
SET client0_key71 value
SET client9_key70 value
SET client7_key71 value
SET client1_key71 value
SET client4_key71 value
SET client3_key71 value
SET client6_key71 value
SET client5_key71 value
SET client2_key72 value
SET client8_key70 value
SET client0_key72 value
SET client9_key71 value
SET client7_key72 value
SET client1_key72 value
SET client4_key72 value
SET client3_key72 value
SET client6_key72 value
SET client5_key72 value
SET client2_key73 value
SET client8_key71 value
SET client0_key73 value
SET client9_key72 value
SET client7_key73 value
SET client1_key73 value
SET client4_key73 value
SET client3_key73 value
SET client6_key73 value
SET client5_key73 value
SET client2_key74 value
SET client8_key72 value
SET client0_key74 value
SET client9_key73 value
SET client7_key74 value
SET client1_key74 value
SET client4_key74 value
SET client3_key74 value
SET client6_key74 value
SET client5_key74 value
SET client2_key75 value
SET client8_key73 value
SET client0_key75 value
SET client9_key74 value
SET client7_key75 value
SET client1_key75 value
SET client4_key75 value
SET client3_key75 value
SET client6_key75 value
SET client5_key75 value
SET client2_key76 value
SET client8_key74 value
SET client0_key76 value
SET client9_key75 value
SET client7_key76 value
SET client1_key76 value
SET client4_key76 value
SET client3_key76 value
SET client6_key76 value
SET client5_key76 value
SET client2_key77 value
SET client8_key75 value
SET client0_key77 value
SET client9_key76 value
SET client7_key77 value
SET client1_key77 value
SET client4_key77 value
SET client3_key77 value
SET client6_key77 value
SET client5_key77 value
SET client2_key78 value
SET client8_key76 value
SET client0_key78 value
SET client9_key77 value
SET client7_key78 value
SET client1_key78 value
SET client4_key78 value
SET client3_key78 value
SET client6_key78 value
SET client5_key78 value
SET client2_key79 value
SET client8_key77 value
SET client0_key79 value
SET client9_key78 value
SET client7_key79 value
SET client1_key79 value
SET client4_key79 value
SET client3_key79 value
SET client6_key79 value
SET client5_key79 value
SET client2_key80 value
SET client8_key78 value
SET client0_key80 value
SET client9_key79 value
SET client7_key80 value
SET client1_key80 value
SET client4_key80 value
SET client3_key80 value
SET client6_key80 value
SET client5_key80 value
SET client2_key81 value
SET client8_key79 value
SET client0_key81 value
SET client9_key80 value
SET client7_key81 value
SET client1_key81 value
SET client4_key81 value
SET client3_key81 value
SET client6_key81 value
SET client5_key81 value
SET client2_key82 value
SET client8_key80 value
SET client0_key82 value
SET client9_key81 value
SET client7_key82 value
SET client1_key82 value
SET client4_key82 value
SET client3_key82 value
SET client6_key82 value
SET client5_key82 value
SET client2_key83 value
SET client8_key81 value
SET client0_key83 value
SET client9_key82 value
SET client7_key83 value
SET client1_key83 value
SET client4_key83 value
SET client3_key83 value
SET client6_key83 value
SET client5_key83 value
SET client2_key84 value
SET client8_key82 value
SET client0_key84 value
SET client9_key83 value
SET client7_key84 value
SET client1_key84 value
SET client4_key84 value
SET client3_key84 value
SET client6_key84 value
SET client5_key84 value
SET client2_key85 value
SET client8_key83 value
SET client0_key85 value
SET client9_key84 value
SET client7_key85 value
SET client1_key85 value
SET client4_key85 value
SET client3_key85 value
SET client6_key85 value
SET client5_key85 value
SET client2_key86 value
SET client8_key84 value
SET client0_key86 value
SET client9_key85 value
SET client7_key86 value
SET client1_key86 value
SET client4_key86 value
SET client3_key86 value
SET client6_key86 value
SET client5_key86 value
SET client2_key87 value
SET client8_key85 value
SET client0_key87 value
SET client9_key86 value
SET client7_key87 value
SET client1_key87 value
SET client4_key87 value
SET client3_key87 value
SET client6_key87 value
SET client5_key87 value
SET client2_key88 value
SET client8_key86 value
SET client0_key88 value
SET client9_key87 value
SET client7_key88 value
SET client1_key88 value
SET client4_key88 value
SET client3_key88 value
SET client6_key88 value
SET client5_key88 value
SET client2_key89 value
SET client8_key87 value
SET client0_key89 value
SET client9_key88 value
SET client7_key89 value
SET client1_key89 value
SET client4_key89 value
SET client3_key89 value
SET client6_key89 value
SET client5_key89 value
SET client2_key90 value
SET client8_key88 value
SET client0_key90 value
SET client9_key89 value
SET client7_key90 value
SET client1_key90 value
SET client4_key90 value
SET client3_key90 value
SET client6_key90 value
SET client5_key90 value
SET client2_key91 value
SET client8_key89 value
SET client0_key91 value
SET client9_key90 value
SET client7_key91 value
SET client1_key91 value
SET client4_key91 value
SET client3_key91 value
SET client6_key91 value
SET client5_key91 value
SET client2_key92 value
SET client8_key90 value
SET client0_key92 value
SET client9_key91 value
SET client7_key92 value
SET client1_key92 value
SET client4_key92 value
SET client3_key92 value
SET client6_key92 value
SET client5_key92 value
SET client2_key93 value
SET client8_key91 value
SET client0_key93 value
SET client9_key92 value
SET client7_key93 value
SET client1_key93 value
SET client4_key93 value
SET client3_key93 value
SET client6_key93 value
SET client5_key93 value
SET client2_key94 value
SET client8_key92 value
SET client0_key94 value
SET client9_key93 value
SET client7_key94 value
SET client1_key94 value
SET client4_key94 value
SET client3_key94 value
SET client6_key94 value
SET client5_key94 value
SET client2_key95 value
SET client8_key93 value
SET client0_key95 value
SET client9_key94 value
SET client7_key95 value
SET client1_key95 value
SET client4_key95 value
SET client3_key95 value
SET client6_key95 value
SET client5_key95 value
SET client2_key96 value
SET client8_key94 value
SET client0_key96 value
SET client9_key95 value
SET client7_key96 value
SET client1_key96 value
SET client4_key96 value
SET client3_key96 value
SET client6_key96 value
SET client5_key96 value
SET client2_key97 value
SET client8_key95 value
SET client0_key97 value
SET client9_key96 value
SET client7_key97 value
SET client1_key97 value
SET client4_key97 value
SET client3_key97 value
SET client6_key97 value
SET client5_key97 value
SET client2_key98 value
SET client8_key96 value
SET client0_key98 value
SET client9_key97 value
SET client7_key98 value
SET client1_key98 value
SET client4_key98 value
SET client3_key98 value
SET client6_key98 value
SET client5_key98 value
SET client2_key99 value
SET client8_key97 value
SET client0_key99 value
SET client9_key98 value
SET client7_key99 value
SET client1_key99 value
SET client4_key99 value
SET client3_key99 value
SET client6_key99 value
SET client5_key99 value
SET client8_key98 value
SET client9_key99 value
SET client8_key99 value
SET testKey Hello World
DEL testKey
